Archive member included to satisfy reference by file (symbol)

g:/programm files/atmel 7/7.0/toolchain/avr8/avr8-gnu-toolchain/bin/../lib/gcc/avr/5.4.0/avr4\libgcc.a(_exit.o)
                              G:/Programm Files/atmel 7/7.0/Packs/atmel/ATmega_DFP/1.2.209/gcc/dev/atmega8/avr4/crtatmega8.o (exit)
g:/programm files/atmel 7/7.0/toolchain/avr8/avr8-gnu-toolchain/bin/../lib/gcc/avr/5.4.0/../../../../avr/lib/avr4\libc.a(malloc.o)
                              Libs/MyFunctions.o (symbol from plugin) (__brkval)
g:/programm files/atmel 7/7.0/toolchain/avr8/avr8-gnu-toolchain/bin/../lib/gcc/avr/5.4.0/../../../../avr/lib/avr4\libc.a(strncmp_P.o)
                              Libs/MyFunctions.o (symbol from plugin) (strncmp_P)
g:/programm files/atmel 7/7.0/toolchain/avr8/avr8-gnu-toolchain/bin/../lib/gcc/avr/5.4.0/../../../../avr/lib/avr4\libc.a(strnlen.o)
                              Libs/MyFunctions.o (symbol from plugin) (strnlen)
g:/programm files/atmel 7/7.0/toolchain/avr8/avr8-gnu-toolchain/bin/../lib/gcc/avr/5.4.0/../../../../avr/lib/avr4\libc.a(itoa_ncheck.o)
                              SwitchController.o (symbol from plugin) (__itoa_ncheck)
g:/programm files/atmel 7/7.0/toolchain/avr8/avr8-gnu-toolchain/bin/../lib/gcc/avr/5.4.0/../../../../avr/lib/avr4\libc.a(utoa_ncheck.o)
                              g:/programm files/atmel 7/7.0/toolchain/avr8/avr8-gnu-toolchain/bin/../lib/gcc/avr/5.4.0/../../../../avr/lib/avr4\libc.a(itoa_ncheck.o) (__utoa_common)
g:/programm files/atmel 7/7.0/toolchain/avr8/avr8-gnu-toolchain/bin/../lib/gcc/avr/5.4.0/../../../../avr/lib/avr4\libc.a(strrev.o)
                              g:/programm files/atmel 7/7.0/toolchain/avr8/avr8-gnu-toolchain/bin/../lib/gcc/avr/5.4.0/../../../../avr/lib/avr4\libc.a(utoa_ncheck.o) (strrev)
G:/Programm Files/atmel 7/7.0/Packs/atmel/ATmega_DFP/1.2.209/gcc/dev/atmega8/avr4\libatmega8.a(eerd_block.o)
                              Libs/uart.o (symbol from plugin) (eeprom_read_block)
G:/Programm Files/atmel 7/7.0/Packs/atmel/ATmega_DFP/1.2.209/gcc/dev/atmega8/avr4\libatmega8.a(eerd_byte.o)
                              SwitchController.o (symbol from plugin) (eeprom_read_byte)
G:/Programm Files/atmel 7/7.0/Packs/atmel/ATmega_DFP/1.2.209/gcc/dev/atmega8/avr4\libatmega8.a(eeupd_block.o)
                              SwitchController.o (symbol from plugin) (eeprom_update_block)
G:/Programm Files/atmel 7/7.0/Packs/atmel/ATmega_DFP/1.2.209/gcc/dev/atmega8/avr4\libatmega8.a(eeupd_byte.o)
                              SwitchController.o (symbol from plugin) (eeprom_update_byte)
G:/Programm Files/atmel 7/7.0/Packs/atmel/ATmega_DFP/1.2.209/gcc/dev/atmega8/avr4\libatmega8.a(eewr_byte.o)
                              SwitchController.o (symbol from plugin) (eeprom_write_byte)
g:/programm files/atmel 7/7.0/toolchain/avr8/avr8-gnu-toolchain/bin/../lib/gcc/avr/5.4.0/avr4\libgcc.a(_copy_data.o)
                              g:/programm files/atmel 7/7.0/toolchain/avr8/avr8-gnu-toolchain/bin/../lib/gcc/avr/5.4.0/../../../../avr/lib/avr4\libc.a(malloc.o) (__do_copy_data)
g:/programm files/atmel 7/7.0/toolchain/avr8/avr8-gnu-toolchain/bin/../lib/gcc/avr/5.4.0/avr4\libgcc.a(_clear_bss.o)
                              g:/programm files/atmel 7/7.0/toolchain/avr8/avr8-gnu-toolchain/bin/../lib/gcc/avr/5.4.0/../../../../avr/lib/avr4\libc.a(malloc.o) (__do_clear_bss)
g:/programm files/atmel 7/7.0/toolchain/avr8/avr8-gnu-toolchain/bin/../lib/gcc/avr/5.4.0/../../../../avr/lib/avr4\libm.a(addsf3.o)
                              C:\Users\7636~1\AppData\Local\Temp\ccbXYatT.ltrans2.ltrans.o (__addsf3)
g:/programm files/atmel 7/7.0/toolchain/avr8/avr8-gnu-toolchain/bin/../lib/gcc/avr/5.4.0/../../../../avr/lib/avr4\libm.a(addsf3x.o)
                              g:/programm files/atmel 7/7.0/toolchain/avr8/avr8-gnu-toolchain/bin/../lib/gcc/avr/5.4.0/../../../../avr/lib/avr4\libm.a(addsf3.o) (__addsf3x)
g:/programm files/atmel 7/7.0/toolchain/avr8/avr8-gnu-toolchain/bin/../lib/gcc/avr/5.4.0/../../../../avr/lib/avr4\libm.a(fixsfsi.o)
                              C:\Users\7636~1\AppData\Local\Temp\ccbXYatT.ltrans0.ltrans.o (__fixsfsi)
g:/programm files/atmel 7/7.0/toolchain/avr8/avr8-gnu-toolchain/bin/../lib/gcc/avr/5.4.0/../../../../avr/lib/avr4\libm.a(fixunssfsi.o)
                              g:/programm files/atmel 7/7.0/toolchain/avr8/avr8-gnu-toolchain/bin/../lib/gcc/avr/5.4.0/../../../../avr/lib/avr4\libm.a(fixsfsi.o) (__fixunssfsi)
g:/programm files/atmel 7/7.0/toolchain/avr8/avr8-gnu-toolchain/bin/../lib/gcc/avr/5.4.0/../../../../avr/lib/avr4\libm.a(floatsisf.o)
                              C:\Users\7636~1\AppData\Local\Temp\ccbXYatT.ltrans0.ltrans.o (__floatsisf)
g:/programm files/atmel 7/7.0/toolchain/avr8/avr8-gnu-toolchain/bin/../lib/gcc/avr/5.4.0/../../../../avr/lib/avr4\libm.a(fp_inf.o)
                              g:/programm files/atmel 7/7.0/toolchain/avr8/avr8-gnu-toolchain/bin/../lib/gcc/avr/5.4.0/../../../../avr/lib/avr4\libm.a(addsf3x.o) (__fp_inf)
g:/programm files/atmel 7/7.0/toolchain/avr8/avr8-gnu-toolchain/bin/../lib/gcc/avr/5.4.0/../../../../avr/lib/avr4\libm.a(fp_nan.o)
                              g:/programm files/atmel 7/7.0/toolchain/avr8/avr8-gnu-toolchain/bin/../lib/gcc/avr/5.4.0/../../../../avr/lib/avr4\libm.a(addsf3x.o) (__fp_nan)
g:/programm files/atmel 7/7.0/toolchain/avr8/avr8-gnu-toolchain/bin/../lib/gcc/avr/5.4.0/../../../../avr/lib/avr4\libm.a(fp_pscA.o)
                              g:/programm files/atmel 7/7.0/toolchain/avr8/avr8-gnu-toolchain/bin/../lib/gcc/avr/5.4.0/../../../../avr/lib/avr4\libm.a(addsf3x.o) (__fp_pscA)
g:/programm files/atmel 7/7.0/toolchain/avr8/avr8-gnu-toolchain/bin/../lib/gcc/avr/5.4.0/../../../../avr/lib/avr4\libm.a(fp_pscB.o)
                              g:/programm files/atmel 7/7.0/toolchain/avr8/avr8-gnu-toolchain/bin/../lib/gcc/avr/5.4.0/../../../../avr/lib/avr4\libm.a(addsf3x.o) (__fp_pscB)
g:/programm files/atmel 7/7.0/toolchain/avr8/avr8-gnu-toolchain/bin/../lib/gcc/avr/5.4.0/../../../../avr/lib/avr4\libm.a(fp_round.o)
                              g:/programm files/atmel 7/7.0/toolchain/avr8/avr8-gnu-toolchain/bin/../lib/gcc/avr/5.4.0/../../../../avr/lib/avr4\libm.a(addsf3.o) (__fp_round)
g:/programm files/atmel 7/7.0/toolchain/avr8/avr8-gnu-toolchain/bin/../lib/gcc/avr/5.4.0/../../../../avr/lib/avr4\libm.a(fp_split3.o)
                              g:/programm files/atmel 7/7.0/toolchain/avr8/avr8-gnu-toolchain/bin/../lib/gcc/avr/5.4.0/../../../../avr/lib/avr4\libm.a(addsf3x.o) (__fp_split3)
g:/programm files/atmel 7/7.0/toolchain/avr8/avr8-gnu-toolchain/bin/../lib/gcc/avr/5.4.0/../../../../avr/lib/avr4\libm.a(fp_zero.o)
                              g:/programm files/atmel 7/7.0/toolchain/avr8/avr8-gnu-toolchain/bin/../lib/gcc/avr/5.4.0/../../../../avr/lib/avr4\libm.a(addsf3x.o) (__fp_zero)
g:/programm files/atmel 7/7.0/toolchain/avr8/avr8-gnu-toolchain/bin/../lib/gcc/avr/5.4.0/../../../../avr/lib/avr4\libm.a(mulsf3.o)
                              C:\Users\7636~1\AppData\Local\Temp\ccbXYatT.ltrans0.ltrans.o (__mulsf3)
g:/programm files/atmel 7/7.0/toolchain/avr8/avr8-gnu-toolchain/bin/../lib/gcc/avr/5.4.0/../../../../avr/lib/avr4\libm.a(mulsf3x.o)
                              g:/programm files/atmel 7/7.0/toolchain/avr8/avr8-gnu-toolchain/bin/../lib/gcc/avr/5.4.0/../../../../avr/lib/avr4\libm.a(mulsf3.o) (__mulsf3x)
g:/programm files/atmel 7/7.0/toolchain/avr8/avr8-gnu-toolchain/bin/../lib/gcc/avr/5.4.0/avr4\libgcc.a(_udivmodqi4.o)
                              C:\Users\7636~1\AppData\Local\Temp\ccbXYatT.ltrans1.ltrans.o (__udivmodqi4)
g:/programm files/atmel 7/7.0/toolchain/avr8/avr8-gnu-toolchain/bin/../lib/gcc/avr/5.4.0/avr4\libgcc.a(_divmodhi4.o)
                              C:\Users\7636~1\AppData\Local\Temp\ccbXYatT.ltrans1.ltrans.o (__divmodhi4)
g:/programm files/atmel 7/7.0/toolchain/avr8/avr8-gnu-toolchain/bin/../lib/gcc/avr/5.4.0/avr4\libgcc.a(_ctors.o)
                              C:\Users\7636~1\AppData\Local\Temp\ccbXYatT.ltrans1.ltrans.o (__do_global_ctors)
g:/programm files/atmel 7/7.0/toolchain/avr8/avr8-gnu-toolchain/bin/../lib/gcc/avr/5.4.0/avr4\libgcc.a(_udivmodhi4.o)
                              g:/programm files/atmel 7/7.0/toolchain/avr8/avr8-gnu-toolchain/bin/../lib/gcc/avr/5.4.0/avr4\libgcc.a(_divmodhi4.o) (__udivmodhi4)
g:/programm files/atmel 7/7.0/toolchain/avr8/avr8-gnu-toolchain/bin/../lib/gcc/avr/5.4.0/avr4\libgcc.a(_tablejump2.o)
                              g:/programm files/atmel 7/7.0/toolchain/avr8/avr8-gnu-toolchain/bin/../lib/gcc/avr/5.4.0/avr4\libgcc.a(_ctors.o) (__tablejump2__)

Allocating common symbols
Common symbol       size              file

__brkval            0x2               g:/programm files/atmel 7/7.0/toolchain/avr8/avr8-gnu-toolchain/bin/../lib/gcc/avr/5.4.0/../../../../avr/lib/avr4\libc.a(malloc.o)
__flp               0x2               g:/programm files/atmel 7/7.0/toolchain/avr8/avr8-gnu-toolchain/bin/../lib/gcc/avr/5.4.0/../../../../avr/lib/avr4\libc.a(malloc.o)

Discarded input sections

 .data          0x00000000        0x0 G:/Programm Files/atmel 7/7.0/Packs/atmel/ATmega_DFP/1.2.209/gcc/dev/atmega8/avr4/crtatmega8.o
 .bss           0x00000000        0x0 G:/Programm Files/atmel 7/7.0/Packs/atmel/ATmega_DFP/1.2.209/gcc/dev/atmega8/avr4/crtatmega8.o
 .text          0x00000000        0x0 DallasTemp.o (symbol from plugin)
 .text          0x00000000        0x0 C:\Users\7636~1\AppData\Local\Temp\ccbXYatT.ltrans0.ltrans.o
 .data          0x00000000        0x0 C:\Users\7636~1\AppData\Local\Temp\ccbXYatT.ltrans0.ltrans.o
 .avr.prop      0x00000000       0x16 C:\Users\7636~1\AppData\Local\Temp\ccbXYatT.ltrans0.ltrans.o
 .data          0x00000000        0x0 C:\Users\7636~1\AppData\Local\Temp\ccbXYatT.ltrans2.ltrans.o
 .text          0x00000000        0x0 Libs/MyFunctions.o (symbol from plugin)
 .gnu.linkonce.t._Z11arraySearchIbEhPKT_S0_hh
                0x00000000        0x0 Libs/MyFunctions.o (symbol from plugin)
 .gnu.linkonce.t._Z11arraySearchIbEhPKT_S0_h
                0x00000000        0x0 Libs/MyFunctions.o (symbol from plugin)
 .text          0x00000000        0x0 Libs/OptPin.o (symbol from plugin)
 .text          0x00000000        0x0 Libs/uart.o (symbol from plugin)
 .text          0x00000000        0x0 Onewire.o (symbol from plugin)
 .text          0x00000000        0x0 SwitchController.o (symbol from plugin)
 .gnu.linkonce.t._Z8intToBitIhEvT_Pch
                0x00000000        0x0 SwitchController.o (symbol from plugin)
 .gnu.linkonce.t._Z11arraySearchIcEhPKT_S0_hh
                0x00000000        0x0 SwitchController.o (symbol from plugin)
 .gnu.linkonce.t._Z11arraySearchIcEhPKT_S0_h
                0x00000000        0x0 SwitchController.o (symbol from plugin)
 .gnu.linkonce.t._Z8bitToIntIhEvPT_PKch
                0x00000000        0x0 SwitchController.o (symbol from plugin)
 .gnu.linkonce.t._Z12cmd_helper_2IhEbPT_Pchjh
                0x00000000        0x0 SwitchController.o (symbol from plugin)
 .gnu.linkonce.t._ZZ12cmd_helper_2IhEbPT_PchjhE3__c
                0x00000000        0x0 SwitchController.o (symbol from plugin)
 .text          0x00000000        0x0 g:/programm files/atmel 7/7.0/toolchain/avr8/avr8-gnu-toolchain/bin/../lib/gcc/avr/5.4.0/avr4\libgcc.a(_exit.o)
 .data          0x00000000        0x0 g:/programm files/atmel 7/7.0/toolchain/avr8/avr8-gnu-toolchain/bin/../lib/gcc/avr/5.4.0/avr4\libgcc.a(_exit.o)
 .bss           0x00000000        0x0 g:/programm files/atmel 7/7.0/toolchain/avr8/avr8-gnu-toolchain/bin/../lib/gcc/avr/5.4.0/avr4\libgcc.a(_exit.o)
 .text.libgcc.mul
                0x00000000        0x0 g:/programm files/atmel 7/7.0/toolchain/avr8/avr8-gnu-toolchain/bin/../lib/gcc/avr/5.4.0/avr4\libgcc.a(_exit.o)
 .text.libgcc.div
                0x00000000        0x0 g:/programm files/atmel 7/7.0/toolchain/avr8/avr8-gnu-toolchain/bin/../lib/gcc/avr/5.4.0/avr4\libgcc.a(_exit.o)
 .text.libgcc   0x00000000        0x0 g:/programm files/atmel 7/7.0/toolchain/avr8/avr8-gnu-toolchain/bin/../lib/gcc/avr/5.4.0/avr4\libgcc.a(_exit.o)
 .text.libgcc.prologue
                0x00000000        0x0 g:/programm files/atmel 7/7.0/toolchain/avr8/avr8-gnu-toolchain/bin/../lib/gcc/avr/5.4.0/avr4\libgcc.a(_exit.o)
 .text.libgcc.builtins
                0x00000000        0x0 g:/programm files/atmel 7/7.0/toolchain/avr8/avr8-gnu-toolchain/bin/../lib/gcc/avr/5.4.0/avr4\libgcc.a(_exit.o)
 .text.libgcc.fmul
                0x00000000        0x0 g:/programm files/atmel 7/7.0/toolchain/avr8/avr8-gnu-toolchain/bin/../lib/gcc/avr/5.4.0/avr4\libgcc.a(_exit.o)
 .text.libgcc.fixed
                0x00000000        0x0 g:/programm files/atmel 7/7.0/toolchain/avr8/avr8-gnu-toolchain/bin/../lib/gcc/avr/5.4.0/avr4\libgcc.a(_exit.o)
 .text          0x00000000        0x0 g:/programm files/atmel 7/7.0/toolchain/avr8/avr8-gnu-toolchain/bin/../lib/gcc/avr/5.4.0/../../../../avr/lib/avr4\libc.a(malloc.o)
 .data          0x00000000        0x6 g:/programm files/atmel 7/7.0/toolchain/avr8/avr8-gnu-toolchain/bin/../lib/gcc/avr/5.4.0/../../../../avr/lib/avr4\libc.a(malloc.o)
 .bss           0x00000000        0x0 g:/programm files/atmel 7/7.0/toolchain/avr8/avr8-gnu-toolchain/bin/../lib/gcc/avr/5.4.0/../../../../avr/lib/avr4\libc.a(malloc.o)
 .text.avr-libc
                0x00000000      0x242 g:/programm files/atmel 7/7.0/toolchain/avr8/avr8-gnu-toolchain/bin/../lib/gcc/avr/5.4.0/../../../../avr/lib/avr4\libc.a(malloc.o)
 .comment       0x00000000       0x31 g:/programm files/atmel 7/7.0/toolchain/avr8/avr8-gnu-toolchain/bin/../lib/gcc/avr/5.4.0/../../../../avr/lib/avr4\libc.a(malloc.o)
 COMMON         0x00000000        0x4 g:/programm files/atmel 7/7.0/toolchain/avr8/avr8-gnu-toolchain/bin/../lib/gcc/avr/5.4.0/../../../../avr/lib/avr4\libc.a(malloc.o)
 .text          0x00000000        0x0 g:/programm files/atmel 7/7.0/toolchain/avr8/avr8-gnu-toolchain/bin/../lib/gcc/avr/5.4.0/../../../../avr/lib/avr4\libc.a(strncmp_P.o)
 .data          0x00000000        0x0 g:/programm files/atmel 7/7.0/toolchain/avr8/avr8-gnu-toolchain/bin/../lib/gcc/avr/5.4.0/../../../../avr/lib/avr4\libc.a(strncmp_P.o)
 .bss           0x00000000        0x0 g:/programm files/atmel 7/7.0/toolchain/avr8/avr8-gnu-toolchain/bin/../lib/gcc/avr/5.4.0/../../../../avr/lib/avr4\libc.a(strncmp_P.o)
 .text.avr-libc
                0x00000000       0x1c g:/programm files/atmel 7/7.0/toolchain/avr8/avr8-gnu-toolchain/bin/../lib/gcc/avr/5.4.0/../../../../avr/lib/avr4\libc.a(strncmp_P.o)
 .text          0x00000000        0x0 g:/programm files/atmel 7/7.0/toolchain/avr8/avr8-gnu-toolchain/bin/../lib/gcc/avr/5.4.0/../../../../avr/lib/avr4\libc.a(strnlen.o)
 .data          0x00000000        0x0 g:/programm files/atmel 7/7.0/toolchain/avr8/avr8-gnu-toolchain/bin/../lib/gcc/avr/5.4.0/../../../../avr/lib/avr4\libc.a(strnlen.o)
 .bss           0x00000000        0x0 g:/programm files/atmel 7/7.0/toolchain/avr8/avr8-gnu-toolchain/bin/../lib/gcc/avr/5.4.0/../../../../avr/lib/avr4\libc.a(strnlen.o)
 .text          0x00000000        0x0 g:/programm files/atmel 7/7.0/toolchain/avr8/avr8-gnu-toolchain/bin/../lib/gcc/avr/5.4.0/../../../../avr/lib/avr4\libc.a(itoa_ncheck.o)
 .data          0x00000000        0x0 g:/programm files/atmel 7/7.0/toolchain/avr8/avr8-gnu-toolchain/bin/../lib/gcc/avr/5.4.0/../../../../avr/lib/avr4\libc.a(itoa_ncheck.o)
 .bss           0x00000000        0x0 g:/programm files/atmel 7/7.0/toolchain/avr8/avr8-gnu-toolchain/bin/../lib/gcc/avr/5.4.0/../../../../avr/lib/avr4\libc.a(itoa_ncheck.o)
 .text          0x00000000        0x0 g:/programm files/atmel 7/7.0/toolchain/avr8/avr8-gnu-toolchain/bin/../lib/gcc/avr/5.4.0/../../../../avr/lib/avr4\libc.a(utoa_ncheck.o)
 .data          0x00000000        0x0 g:/programm files/atmel 7/7.0/toolchain/avr8/avr8-gnu-toolchain/bin/../lib/gcc/avr/5.4.0/../../../../avr/lib/avr4\libc.a(utoa_ncheck.o)
 .bss           0x00000000        0x0 g:/programm files/atmel 7/7.0/toolchain/avr8/avr8-gnu-toolchain/bin/../lib/gcc/avr/5.4.0/../../../../avr/lib/avr4\libc.a(utoa_ncheck.o)
 .text          0x00000000        0x0 g:/programm files/atmel 7/7.0/toolchain/avr8/avr8-gnu-toolchain/bin/../lib/gcc/avr/5.4.0/../../../../avr/lib/avr4\libc.a(strrev.o)
 .data          0x00000000        0x0 g:/programm files/atmel 7/7.0/toolchain/avr8/avr8-gnu-toolchain/bin/../lib/gcc/avr/5.4.0/../../../../avr/lib/avr4\libc.a(strrev.o)
 .bss           0x00000000        0x0 g:/programm files/atmel 7/7.0/toolchain/avr8/avr8-gnu-toolchain/bin/../lib/gcc/avr/5.4.0/../../../../avr/lib/avr4\libc.a(strrev.o)
 .text          0x00000000        0x0 G:/Programm Files/atmel 7/7.0/Packs/atmel/ATmega_DFP/1.2.209/gcc/dev/atmega8/avr4\libatmega8.a(eerd_block.o)
 .data          0x00000000        0x0 G:/Programm Files/atmel 7/7.0/Packs/atmel/ATmega_DFP/1.2.209/gcc/dev/atmega8/avr4\libatmega8.a(eerd_block.o)
 .bss           0x00000000        0x0 G:/Programm Files/atmel 7/7.0/Packs/atmel/ATmega_DFP/1.2.209/gcc/dev/atmega8/avr4\libatmega8.a(eerd_block.o)
 .text          0x00000000        0x0 G:/Programm Files/atmel 7/7.0/Packs/atmel/ATmega_DFP/1.2.209/gcc/dev/atmega8/avr4\libatmega8.a(eerd_byte.o)
 .data          0x00000000        0x0 G:/Programm Files/atmel 7/7.0/Packs/atmel/ATmega_DFP/1.2.209/gcc/dev/atmega8/avr4\libatmega8.a(eerd_byte.o)
 .bss           0x00000000        0x0 G:/Programm Files/atmel 7/7.0/Packs/atmel/ATmega_DFP/1.2.209/gcc/dev/atmega8/avr4\libatmega8.a(eerd_byte.o)
 .text          0x00000000        0x0 G:/Programm Files/atmel 7/7.0/Packs/atmel/ATmega_DFP/1.2.209/gcc/dev/atmega8/avr4\libatmega8.a(eeupd_block.o)
 .data          0x00000000        0x0 G:/Programm Files/atmel 7/7.0/Packs/atmel/ATmega_DFP/1.2.209/gcc/dev/atmega8/avr4\libatmega8.a(eeupd_block.o)
 .bss           0x00000000        0x0 G:/Programm Files/atmel 7/7.0/Packs/atmel/ATmega_DFP/1.2.209/gcc/dev/atmega8/avr4\libatmega8.a(eeupd_block.o)
 .text          0x00000000        0x0 G:/Programm Files/atmel 7/7.0/Packs/atmel/ATmega_DFP/1.2.209/gcc/dev/atmega8/avr4\libatmega8.a(eeupd_byte.o)
 .data          0x00000000        0x0 G:/Programm Files/atmel 7/7.0/Packs/atmel/ATmega_DFP/1.2.209/gcc/dev/atmega8/avr4\libatmega8.a(eeupd_byte.o)
 .bss           0x00000000        0x0 G:/Programm Files/atmel 7/7.0/Packs/atmel/ATmega_DFP/1.2.209/gcc/dev/atmega8/avr4\libatmega8.a(eeupd_byte.o)
 .text          0x00000000        0x0 G:/Programm Files/atmel 7/7.0/Packs/atmel/ATmega_DFP/1.2.209/gcc/dev/atmega8/avr4\libatmega8.a(eewr_byte.o)
 .data          0x00000000        0x0 G:/Programm Files/atmel 7/7.0/Packs/atmel/ATmega_DFP/1.2.209/gcc/dev/atmega8/avr4\libatmega8.a(eewr_byte.o)
 .bss           0x00000000        0x0 G:/Programm Files/atmel 7/7.0/Packs/atmel/ATmega_DFP/1.2.209/gcc/dev/atmega8/avr4\libatmega8.a(eewr_byte.o)
 .text          0x00000000        0x0 g:/programm files/atmel 7/7.0/toolchain/avr8/avr8-gnu-toolchain/bin/../lib/gcc/avr/5.4.0/avr4\libgcc.a(_copy_data.o)
 .data          0x00000000        0x0 g:/programm files/atmel 7/7.0/toolchain/avr8/avr8-gnu-toolchain/bin/../lib/gcc/avr/5.4.0/avr4\libgcc.a(_copy_data.o)
 .bss           0x00000000        0x0 g:/programm files/atmel 7/7.0/toolchain/avr8/avr8-gnu-toolchain/bin/../lib/gcc/avr/5.4.0/avr4\libgcc.a(_copy_data.o)
 .text.libgcc.mul
                0x00000000        0x0 g:/programm files/atmel 7/7.0/toolchain/avr8/avr8-gnu-toolchain/bin/../lib/gcc/avr/5.4.0/avr4\libgcc.a(_copy_data.o)
 .text.libgcc.div
                0x00000000        0x0 g:/programm files/atmel 7/7.0/toolchain/avr8/avr8-gnu-toolchain/bin/../lib/gcc/avr/5.4.0/avr4\libgcc.a(_copy_data.o)
 .text.libgcc   0x00000000        0x0 g:/programm files/atmel 7/7.0/toolchain/avr8/avr8-gnu-toolchain/bin/../lib/gcc/avr/5.4.0/avr4\libgcc.a(_copy_data.o)
 .text.libgcc.prologue
                0x00000000        0x0 g:/programm files/atmel 7/7.0/toolchain/avr8/avr8-gnu-toolchain/bin/../lib/gcc/avr/5.4.0/avr4\libgcc.a(_copy_data.o)
 .text.libgcc.builtins
                0x00000000        0x0 g:/programm files/atmel 7/7.0/toolchain/avr8/avr8-gnu-toolchain/bin/../lib/gcc/avr/5.4.0/avr4\libgcc.a(_copy_data.o)
 .text.libgcc.fmul
                0x00000000        0x0 g:/programm files/atmel 7/7.0/toolchain/avr8/avr8-gnu-toolchain/bin/../lib/gcc/avr/5.4.0/avr4\libgcc.a(_copy_data.o)
 .text.libgcc.fixed
                0x00000000        0x0 g:/programm files/atmel 7/7.0/toolchain/avr8/avr8-gnu-toolchain/bin/../lib/gcc/avr/5.4.0/avr4\libgcc.a(_copy_data.o)
 .text          0x00000000        0x0 g:/programm files/atmel 7/7.0/toolchain/avr8/avr8-gnu-toolchain/bin/../lib/gcc/avr/5.4.0/avr4\libgcc.a(_clear_bss.o)
 .data          0x00000000        0x0 g:/programm files/atmel 7/7.0/toolchain/avr8/avr8-gnu-toolchain/bin/../lib/gcc/avr/5.4.0/avr4\libgcc.a(_clear_bss.o)
 .bss           0x00000000        0x0 g:/programm files/atmel 7/7.0/toolchain/avr8/avr8-gnu-toolchain/bin/../lib/gcc/avr/5.4.0/avr4\libgcc.a(_clear_bss.o)
 .text.libgcc.mul
                0x00000000        0x0 g:/programm files/atmel 7/7.0/toolchain/avr8/avr8-gnu-toolchain/bin/../lib/gcc/avr/5.4.0/avr4\libgcc.a(_clear_bss.o)
 .text.libgcc.div
                0x00000000        0x0 g:/programm files/atmel 7/7.0/toolchain/avr8/avr8-gnu-toolchain/bin/../lib/gcc/avr/5.4.0/avr4\libgcc.a(_clear_bss.o)
 .text.libgcc   0x00000000        0x0 g:/programm files/atmel 7/7.0/toolchain/avr8/avr8-gnu-toolchain/bin/../lib/gcc/avr/5.4.0/avr4\libgcc.a(_clear_bss.o)
 .text.libgcc.prologue
                0x00000000        0x0 g:/programm files/atmel 7/7.0/toolchain/avr8/avr8-gnu-toolchain/bin/../lib/gcc/avr/5.4.0/avr4\libgcc.a(_clear_bss.o)
 .text.libgcc.builtins
                0x00000000        0x0 g:/programm files/atmel 7/7.0/toolchain/avr8/avr8-gnu-toolchain/bin/../lib/gcc/avr/5.4.0/avr4\libgcc.a(_clear_bss.o)
 .text.libgcc.fmul
                0x00000000        0x0 g:/programm files/atmel 7/7.0/toolchain/avr8/avr8-gnu-toolchain/bin/../lib/gcc/avr/5.4.0/avr4\libgcc.a(_clear_bss.o)
 .text.libgcc.fixed
                0x00000000        0x0 g:/programm files/atmel 7/7.0/toolchain/avr8/avr8-gnu-toolchain/bin/../lib/gcc/avr/5.4.0/avr4\libgcc.a(_clear_bss.o)
 .text          0x00000000        0x0 g:/programm files/atmel 7/7.0/toolchain/avr8/avr8-gnu-toolchain/bin/../lib/gcc/avr/5.4.0/../../../../avr/lib/avr4\libm.a(addsf3.o)
 .data          0x00000000        0x0 g:/programm files/atmel 7/7.0/toolchain/avr8/avr8-gnu-toolchain/bin/../lib/gcc/avr/5.4.0/../../../../avr/lib/avr4\libm.a(addsf3.o)
 .bss           0x00000000        0x0 g:/programm files/atmel 7/7.0/toolchain/avr8/avr8-gnu-toolchain/bin/../lib/gcc/avr/5.4.0/../../../../avr/lib/avr4\libm.a(addsf3.o)
 .text          0x00000000        0x0 g:/programm files/atmel 7/7.0/toolchain/avr8/avr8-gnu-toolchain/bin/../lib/gcc/avr/5.4.0/../../../../avr/lib/avr4\libm.a(addsf3x.o)
 .data          0x00000000        0x0 g:/programm files/atmel 7/7.0/toolchain/avr8/avr8-gnu-toolchain/bin/../lib/gcc/avr/5.4.0/../../../../avr/lib/avr4\libm.a(addsf3x.o)
 .bss           0x00000000        0x0 g:/programm files/atmel 7/7.0/toolchain/avr8/avr8-gnu-toolchain/bin/../lib/gcc/avr/5.4.0/../../../../avr/lib/avr4\libm.a(addsf3x.o)
 .text          0x00000000        0x0 g:/programm files/atmel 7/7.0/toolchain/avr8/avr8-gnu-toolchain/bin/../lib/gcc/avr/5.4.0/../../../../avr/lib/avr4\libm.a(fixsfsi.o)
 .data          0x00000000        0x0 g:/programm files/atmel 7/7.0/toolchain/avr8/avr8-gnu-toolchain/bin/../lib/gcc/avr/5.4.0/../../../../avr/lib/avr4\libm.a(fixsfsi.o)
 .bss           0x00000000        0x0 g:/programm files/atmel 7/7.0/toolchain/avr8/avr8-gnu-toolchain/bin/../lib/gcc/avr/5.4.0/../../../../avr/lib/avr4\libm.a(fixsfsi.o)
 .text          0x00000000        0x0 g:/programm files/atmel 7/7.0/toolchain/avr8/avr8-gnu-toolchain/bin/../lib/gcc/avr/5.4.0/../../../../avr/lib/avr4\libm.a(fixunssfsi.o)
 .data          0x00000000        0x0 g:/programm files/atmel 7/7.0/toolchain/avr8/avr8-gnu-toolchain/bin/../lib/gcc/avr/5.4.0/../../../../avr/lib/avr4\libm.a(fixunssfsi.o)
 .bss           0x00000000        0x0 g:/programm files/atmel 7/7.0/toolchain/avr8/avr8-gnu-toolchain/bin/../lib/gcc/avr/5.4.0/../../../../avr/lib/avr4\libm.a(fixunssfsi.o)
 .text          0x00000000        0x0 g:/programm files/atmel 7/7.0/toolchain/avr8/avr8-gnu-toolchain/bin/../lib/gcc/avr/5.4.0/../../../../avr/lib/avr4\libm.a(floatsisf.o)
 .data          0x00000000        0x0 g:/programm files/atmel 7/7.0/toolchain/avr8/avr8-gnu-toolchain/bin/../lib/gcc/avr/5.4.0/../../../../avr/lib/avr4\libm.a(floatsisf.o)
 .bss           0x00000000        0x0 g:/programm files/atmel 7/7.0/toolchain/avr8/avr8-gnu-toolchain/bin/../lib/gcc/avr/5.4.0/../../../../avr/lib/avr4\libm.a(floatsisf.o)
 .text          0x00000000        0x0 g:/programm files/atmel 7/7.0/toolchain/avr8/avr8-gnu-toolchain/bin/../lib/gcc/avr/5.4.0/../../../../avr/lib/avr4\libm.a(fp_inf.o)
 .data          0x00000000        0x0 g:/programm files/atmel 7/7.0/toolchain/avr8/avr8-gnu-toolchain/bin/../lib/gcc/avr/5.4.0/../../../../avr/lib/avr4\libm.a(fp_inf.o)
 .bss           0x00000000        0x0 g:/programm files/atmel 7/7.0/toolchain/avr8/avr8-gnu-toolchain/bin/../lib/gcc/avr/5.4.0/../../../../avr/lib/avr4\libm.a(fp_inf.o)
 .text          0x00000000        0x0 g:/programm files/atmel 7/7.0/toolchain/avr8/avr8-gnu-toolchain/bin/../lib/gcc/avr/5.4.0/../../../../avr/lib/avr4\libm.a(fp_nan.o)
 .data          0x00000000        0x0 g:/programm files/atmel 7/7.0/toolchain/avr8/avr8-gnu-toolchain/bin/../lib/gcc/avr/5.4.0/../../../../avr/lib/avr4\libm.a(fp_nan.o)
 .bss           0x00000000        0x0 g:/programm files/atmel 7/7.0/toolchain/avr8/avr8-gnu-toolchain/bin/../lib/gcc/avr/5.4.0/../../../../avr/lib/avr4\libm.a(fp_nan.o)
 .text          0x00000000        0x0 g:/programm files/atmel 7/7.0/toolchain/avr8/avr8-gnu-toolchain/bin/../lib/gcc/avr/5.4.0/../../../../avr/lib/avr4\libm.a(fp_pscA.o)
 .data          0x00000000        0x0 g:/programm files/atmel 7/7.0/toolchain/avr8/avr8-gnu-toolchain/bin/../lib/gcc/avr/5.4.0/../../../../avr/lib/avr4\libm.a(fp_pscA.o)
 .bss           0x00000000        0x0 g:/programm files/atmel 7/7.0/toolchain/avr8/avr8-gnu-toolchain/bin/../lib/gcc/avr/5.4.0/../../../../avr/lib/avr4\libm.a(fp_pscA.o)
 .text          0x00000000        0x0 g:/programm files/atmel 7/7.0/toolchain/avr8/avr8-gnu-toolchain/bin/../lib/gcc/avr/5.4.0/../../../../avr/lib/avr4\libm.a(fp_pscB.o)
 .data          0x00000000        0x0 g:/programm files/atmel 7/7.0/toolchain/avr8/avr8-gnu-toolchain/bin/../lib/gcc/avr/5.4.0/../../../../avr/lib/avr4\libm.a(fp_pscB.o)
 .bss           0x00000000        0x0 g:/programm files/atmel 7/7.0/toolchain/avr8/avr8-gnu-toolchain/bin/../lib/gcc/avr/5.4.0/../../../../avr/lib/avr4\libm.a(fp_pscB.o)
 .text          0x00000000        0x0 g:/programm files/atmel 7/7.0/toolchain/avr8/avr8-gnu-toolchain/bin/../lib/gcc/avr/5.4.0/../../../../avr/lib/avr4\libm.a(fp_round.o)
 .data          0x00000000        0x0 g:/programm files/atmel 7/7.0/toolchain/avr8/avr8-gnu-toolchain/bin/../lib/gcc/avr/5.4.0/../../../../avr/lib/avr4\libm.a(fp_round.o)
 .bss           0x00000000        0x0 g:/programm files/atmel 7/7.0/toolchain/avr8/avr8-gnu-toolchain/bin/../lib/gcc/avr/5.4.0/../../../../avr/lib/avr4\libm.a(fp_round.o)
 .text          0x00000000        0x0 g:/programm files/atmel 7/7.0/toolchain/avr8/avr8-gnu-toolchain/bin/../lib/gcc/avr/5.4.0/../../../../avr/lib/avr4\libm.a(fp_split3.o)
 .data          0x00000000        0x0 g:/programm files/atmel 7/7.0/toolchain/avr8/avr8-gnu-toolchain/bin/../lib/gcc/avr/5.4.0/../../../../avr/lib/avr4\libm.a(fp_split3.o)
 .bss           0x00000000        0x0 g:/programm files/atmel 7/7.0/toolchain/avr8/avr8-gnu-toolchain/bin/../lib/gcc/avr/5.4.0/../../../../avr/lib/avr4\libm.a(fp_split3.o)
 .text          0x00000000        0x0 g:/programm files/atmel 7/7.0/toolchain/avr8/avr8-gnu-toolchain/bin/../lib/gcc/avr/5.4.0/../../../../avr/lib/avr4\libm.a(fp_zero.o)
 .data          0x00000000        0x0 g:/programm files/atmel 7/7.0/toolchain/avr8/avr8-gnu-toolchain/bin/../lib/gcc/avr/5.4.0/../../../../avr/lib/avr4\libm.a(fp_zero.o)
 .bss           0x00000000        0x0 g:/programm files/atmel 7/7.0/toolchain/avr8/avr8-gnu-toolchain/bin/../lib/gcc/avr/5.4.0/../../../../avr/lib/avr4\libm.a(fp_zero.o)
 .text          0x00000000        0x0 g:/programm files/atmel 7/7.0/toolchain/avr8/avr8-gnu-toolchain/bin/../lib/gcc/avr/5.4.0/../../../../avr/lib/avr4\libm.a(mulsf3.o)
 .data          0x00000000        0x0 g:/programm files/atmel 7/7.0/toolchain/avr8/avr8-gnu-toolchain/bin/../lib/gcc/avr/5.4.0/../../../../avr/lib/avr4\libm.a(mulsf3.o)
 .bss           0x00000000        0x0 g:/programm files/atmel 7/7.0/toolchain/avr8/avr8-gnu-toolchain/bin/../lib/gcc/avr/5.4.0/../../../../avr/lib/avr4\libm.a(mulsf3.o)
 .text          0x00000000        0x0 g:/programm files/atmel 7/7.0/toolchain/avr8/avr8-gnu-toolchain/bin/../lib/gcc/avr/5.4.0/../../../../avr/lib/avr4\libm.a(mulsf3x.o)
 .data          0x00000000        0x0 g:/programm files/atmel 7/7.0/toolchain/avr8/avr8-gnu-toolchain/bin/../lib/gcc/avr/5.4.0/../../../../avr/lib/avr4\libm.a(mulsf3x.o)
 .bss           0x00000000        0x0 g:/programm files/atmel 7/7.0/toolchain/avr8/avr8-gnu-toolchain/bin/../lib/gcc/avr/5.4.0/../../../../avr/lib/avr4\libm.a(mulsf3x.o)
 .text          0x00000000        0x0 g:/programm files/atmel 7/7.0/toolchain/avr8/avr8-gnu-toolchain/bin/../lib/gcc/avr/5.4.0/avr4\libgcc.a(_udivmodqi4.o)
 .data          0x00000000        0x0 g:/programm files/atmel 7/7.0/toolchain/avr8/avr8-gnu-toolchain/bin/../lib/gcc/avr/5.4.0/avr4\libgcc.a(_udivmodqi4.o)
 .bss           0x00000000        0x0 g:/programm files/atmel 7/7.0/toolchain/avr8/avr8-gnu-toolchain/bin/../lib/gcc/avr/5.4.0/avr4\libgcc.a(_udivmodqi4.o)
 .text.libgcc.mul
                0x00000000        0x0 g:/programm files/atmel 7/7.0/toolchain/avr8/avr8-gnu-toolchain/bin/../lib/gcc/avr/5.4.0/avr4\libgcc.a(_udivmodqi4.o)
 .text.libgcc   0x00000000        0x0 g:/programm files/atmel 7/7.0/toolchain/avr8/avr8-gnu-toolchain/bin/../lib/gcc/avr/5.4.0/avr4\libgcc.a(_udivmodqi4.o)
 .text.libgcc.prologue
                0x00000000        0x0 g:/programm files/atmel 7/7.0/toolchain/avr8/avr8-gnu-toolchain/bin/../lib/gcc/avr/5.4.0/avr4\libgcc.a(_udivmodqi4.o)
 .text.libgcc.builtins
                0x00000000        0x0 g:/programm files/atmel 7/7.0/toolchain/avr8/avr8-gnu-toolchain/bin/../lib/gcc/avr/5.4.0/avr4\libgcc.a(_udivmodqi4.o)
 .text.libgcc.fmul
                0x00000000        0x0 g:/programm files/atmel 7/7.0/toolchain/avr8/avr8-gnu-toolchain/bin/../lib/gcc/avr/5.4.0/avr4\libgcc.a(_udivmodqi4.o)
 .text.libgcc.fixed
                0x00000000        0x0 g:/programm files/atmel 7/7.0/toolchain/avr8/avr8-gnu-toolchain/bin/../lib/gcc/avr/5.4.0/avr4\libgcc.a(_udivmodqi4.o)
 .text          0x00000000        0x0 g:/programm files/atmel 7/7.0/toolchain/avr8/avr8-gnu-toolchain/bin/../lib/gcc/avr/5.4.0/avr4\libgcc.a(_divmodhi4.o)
 .data          0x00000000        0x0 g:/programm files/atmel 7/7.0/toolchain/avr8/avr8-gnu-toolchain/bin/../lib/gcc/avr/5.4.0/avr4\libgcc.a(_divmodhi4.o)
 .bss           0x00000000        0x0 g:/programm files/atmel 7/7.0/toolchain/avr8/avr8-gnu-toolchain/bin/../lib/gcc/avr/5.4.0/avr4\libgcc.a(_divmodhi4.o)
 .text.libgcc.mul
                0x00000000        0x0 g:/programm files/atmel 7/7.0/toolchain/avr8/avr8-gnu-toolchain/bin/../lib/gcc/avr/5.4.0/avr4\libgcc.a(_divmodhi4.o)
 .text.libgcc   0x00000000        0x0 g:/programm files/atmel 7/7.0/toolchain/avr8/avr8-gnu-toolchain/bin/../lib/gcc/avr/5.4.0/avr4\libgcc.a(_divmodhi4.o)
 .text.libgcc.prologue
                0x00000000        0x0 g:/programm files/atmel 7/7.0/toolchain/avr8/avr8-gnu-toolchain/bin/../lib/gcc/avr/5.4.0/avr4\libgcc.a(_divmodhi4.o)
 .text.libgcc.builtins
                0x00000000        0x0 g:/programm files/atmel 7/7.0/toolchain/avr8/avr8-gnu-toolchain/bin/../lib/gcc/avr/5.4.0/avr4\libgcc.a(_divmodhi4.o)
 .text.libgcc.fmul
                0x00000000        0x0 g:/programm files/atmel 7/7.0/toolchain/avr8/avr8-gnu-toolchain/bin/../lib/gcc/avr/5.4.0/avr4\libgcc.a(_divmodhi4.o)
 .text.libgcc.fixed
                0x00000000        0x0 g:/programm files/atmel 7/7.0/toolchain/avr8/avr8-gnu-toolchain/bin/../lib/gcc/avr/5.4.0/avr4\libgcc.a(_divmodhi4.o)
 .text          0x00000000        0x0 g:/programm files/atmel 7/7.0/toolchain/avr8/avr8-gnu-toolchain/bin/../lib/gcc/avr/5.4.0/avr4\libgcc.a(_ctors.o)
 .data          0x00000000        0x0 g:/programm files/atmel 7/7.0/toolchain/avr8/avr8-gnu-toolchain/bin/../lib/gcc/avr/5.4.0/avr4\libgcc.a(_ctors.o)
 .bss           0x00000000        0x0 g:/programm files/atmel 7/7.0/toolchain/avr8/avr8-gnu-toolchain/bin/../lib/gcc/avr/5.4.0/avr4\libgcc.a(_ctors.o)
 .text.libgcc.mul
                0x00000000        0x0 g:/programm files/atmel 7/7.0/toolchain/avr8/avr8-gnu-toolchain/bin/../lib/gcc/avr/5.4.0/avr4\libgcc.a(_ctors.o)
 .text.libgcc.div
                0x00000000        0x0 g:/programm files/atmel 7/7.0/toolchain/avr8/avr8-gnu-toolchain/bin/../lib/gcc/avr/5.4.0/avr4\libgcc.a(_ctors.o)
 .text.libgcc   0x00000000        0x0 g:/programm files/atmel 7/7.0/toolchain/avr8/avr8-gnu-toolchain/bin/../lib/gcc/avr/5.4.0/avr4\libgcc.a(_ctors.o)
 .text.libgcc.prologue
                0x00000000        0x0 g:/programm files/atmel 7/7.0/toolchain/avr8/avr8-gnu-toolchain/bin/../lib/gcc/avr/5.4.0/avr4\libgcc.a(_ctors.o)
 .text.libgcc.builtins
                0x00000000        0x0 g:/programm files/atmel 7/7.0/toolchain/avr8/avr8-gnu-toolchain/bin/../lib/gcc/avr/5.4.0/avr4\libgcc.a(_ctors.o)
 .text.libgcc.fmul
                0x00000000        0x0 g:/programm files/atmel 7/7.0/toolchain/avr8/avr8-gnu-toolchain/bin/../lib/gcc/avr/5.4.0/avr4\libgcc.a(_ctors.o)
 .text.libgcc.fixed
                0x00000000        0x0 g:/programm files/atmel 7/7.0/toolchain/avr8/avr8-gnu-toolchain/bin/../lib/gcc/avr/5.4.0/avr4\libgcc.a(_ctors.o)
 .text          0x00000000        0x0 g:/programm files/atmel 7/7.0/toolchain/avr8/avr8-gnu-toolchain/bin/../lib/gcc/avr/5.4.0/avr4\libgcc.a(_udivmodhi4.o)
 .data          0x00000000        0x0 g:/programm files/atmel 7/7.0/toolchain/avr8/avr8-gnu-toolchain/bin/../lib/gcc/avr/5.4.0/avr4\libgcc.a(_udivmodhi4.o)
 .bss           0x00000000        0x0 g:/programm files/atmel 7/7.0/toolchain/avr8/avr8-gnu-toolchain/bin/../lib/gcc/avr/5.4.0/avr4\libgcc.a(_udivmodhi4.o)
 .text.libgcc.mul
                0x00000000        0x0 g:/programm files/atmel 7/7.0/toolchain/avr8/avr8-gnu-toolchain/bin/../lib/gcc/avr/5.4.0/avr4\libgcc.a(_udivmodhi4.o)
 .text.libgcc   0x00000000        0x0 g:/programm files/atmel 7/7.0/toolchain/avr8/avr8-gnu-toolchain/bin/../lib/gcc/avr/5.4.0/avr4\libgcc.a(_udivmodhi4.o)
 .text.libgcc.prologue
                0x00000000        0x0 g:/programm files/atmel 7/7.0/toolchain/avr8/avr8-gnu-toolchain/bin/../lib/gcc/avr/5.4.0/avr4\libgcc.a(_udivmodhi4.o)
 .text.libgcc.builtins
                0x00000000        0x0 g:/programm files/atmel 7/7.0/toolchain/avr8/avr8-gnu-toolchain/bin/../lib/gcc/avr/5.4.0/avr4\libgcc.a(_udivmodhi4.o)
 .text.libgcc.fmul
                0x00000000        0x0 g:/programm files/atmel 7/7.0/toolchain/avr8/avr8-gnu-toolchain/bin/../lib/gcc/avr/5.4.0/avr4\libgcc.a(_udivmodhi4.o)
 .text.libgcc.fixed
                0x00000000        0x0 g:/programm files/atmel 7/7.0/toolchain/avr8/avr8-gnu-toolchain/bin/../lib/gcc/avr/5.4.0/avr4\libgcc.a(_udivmodhi4.o)
 .text          0x00000000        0x0 g:/programm files/atmel 7/7.0/toolchain/avr8/avr8-gnu-toolchain/bin/../lib/gcc/avr/5.4.0/avr4\libgcc.a(_tablejump2.o)
 .data          0x00000000        0x0 g:/programm files/atmel 7/7.0/toolchain/avr8/avr8-gnu-toolchain/bin/../lib/gcc/avr/5.4.0/avr4\libgcc.a(_tablejump2.o)
 .bss           0x00000000        0x0 g:/programm files/atmel 7/7.0/toolchain/avr8/avr8-gnu-toolchain/bin/../lib/gcc/avr/5.4.0/avr4\libgcc.a(_tablejump2.o)
 .text.libgcc.mul
                0x00000000        0x0 g:/programm files/atmel 7/7.0/toolchain/avr8/avr8-gnu-toolchain/bin/../lib/gcc/avr/5.4.0/avr4\libgcc.a(_tablejump2.o)
 .text.libgcc.div
                0x00000000        0x0 g:/programm files/atmel 7/7.0/toolchain/avr8/avr8-gnu-toolchain/bin/../lib/gcc/avr/5.4.0/avr4\libgcc.a(_tablejump2.o)
 .text.libgcc.prologue
                0x00000000        0x0 g:/programm files/atmel 7/7.0/toolchain/avr8/avr8-gnu-toolchain/bin/../lib/gcc/avr/5.4.0/avr4\libgcc.a(_tablejump2.o)
 .text.libgcc.builtins
                0x00000000        0x0 g:/programm files/atmel 7/7.0/toolchain/avr8/avr8-gnu-toolchain/bin/../lib/gcc/avr/5.4.0/avr4\libgcc.a(_tablejump2.o)
 .text.libgcc.fmul
                0x00000000        0x0 g:/programm files/atmel 7/7.0/toolchain/avr8/avr8-gnu-toolchain/bin/../lib/gcc/avr/5.4.0/avr4\libgcc.a(_tablejump2.o)
 .text.libgcc.fixed
                0x00000000        0x0 g:/programm files/atmel 7/7.0/toolchain/avr8/avr8-gnu-toolchain/bin/../lib/gcc/avr/5.4.0/avr4\libgcc.a(_tablejump2.o)

Memory Configuration

Name             Origin             Length             Attributes
text             0x00000000         0x00002000         xr
data             0x00800060         0x0000ffa0         rw !x
eeprom           0x00810000         0x00010000         rw !x
fuse             0x00820000         0x00000002         rw !x
lock             0x00830000         0x00000400         rw !x
signature        0x00840000         0x00000400         rw !x
user_signatures  0x00850000         0x00000400         rw !x
*default*        0x00000000         0xffffffff

Linker script and memory map

LOAD G:/Programm Files/atmel 7/7.0/Packs/atmel/ATmega_DFP/1.2.209/gcc/dev/atmega8/avr4/crtatmega8.o
LOAD DallasTemp.o
LOAD C:\Users\7636~1\AppData\Local\Temp\ccbXYatT.ltrans0.ltrans.o
LOAD C:\Users\7636~1\AppData\Local\Temp\ccbXYatT.ltrans1.ltrans.o
LOAD C:\Users\7636~1\AppData\Local\Temp\ccbXYatT.ltrans2.ltrans.o
LOAD Libs/MyFunctions.o
LOAD Libs/OptPin.o
LOAD Libs/uart.o
LOAD Onewire.o
LOAD SwitchController.o
START GROUP
LOAD g:/programm files/atmel 7/7.0/toolchain/avr8/avr8-gnu-toolchain/bin/../lib/gcc/avr/5.4.0/../../../../avr/lib/avr4\libm.a
END GROUP
LOAD g:/programm files/atmel 7/7.0/toolchain/avr8/avr8-gnu-toolchain/bin/../lib/gcc/avr/5.4.0/avr4\libgcc.a
LOAD g:/programm files/atmel 7/7.0/toolchain/avr8/avr8-gnu-toolchain/bin/../lib/gcc/avr/5.4.0/../../../../avr/lib/avr4\libm.a
START GROUP
LOAD g:/programm files/atmel 7/7.0/toolchain/avr8/avr8-gnu-toolchain/bin/../lib/gcc/avr/5.4.0/avr4\libgcc.a
LOAD g:/programm files/atmel 7/7.0/toolchain/avr8/avr8-gnu-toolchain/bin/../lib/gcc/avr/5.4.0/../../../../avr/lib/avr4\libm.a
LOAD g:/programm files/atmel 7/7.0/toolchain/avr8/avr8-gnu-toolchain/bin/../lib/gcc/avr/5.4.0/../../../../avr/lib/avr4\libc.a
LOAD G:/Programm Files/atmel 7/7.0/Packs/atmel/ATmega_DFP/1.2.209/gcc/dev/atmega8/avr4\libatmega8.a
END GROUP
                0x00002000                __TEXT_REGION_LENGTH__ = DEFINED (__TEXT_REGION_LENGTH__)?__TEXT_REGION_LENGTH__:0x2000
                0x0000ffa0                __DATA_REGION_LENGTH__ = DEFINED (__DATA_REGION_LENGTH__)?__DATA_REGION_LENGTH__:0xffa0
                0x00010000                __EEPROM_REGION_LENGTH__ = DEFINED (__EEPROM_REGION_LENGTH__)?__EEPROM_REGION_LENGTH__:0x10000
                [0x00000002]                __FUSE_REGION_LENGTH__ = DEFINED (__FUSE_REGION_LENGTH__)?__FUSE_REGION_LENGTH__:0x400
                0x00000400                __LOCK_REGION_LENGTH__ = DEFINED (__LOCK_REGION_LENGTH__)?__LOCK_REGION_LENGTH__:0x400
                0x00000400                __SIGNATURE_REGION_LENGTH__ = DEFINED (__SIGNATURE_REGION_LENGTH__)?__SIGNATURE_REGION_LENGTH__:0x400
                0x00000400                __USER_SIGNATURE_REGION_LENGTH__ = DEFINED (__USER_SIGNATURE_REGION_LENGTH__)?__USER_SIGNATURE_REGION_LENGTH__:0x400

.hash
 *(.hash)

.dynsym
 *(.dynsym)

.dynstr
 *(.dynstr)

.gnu.version
 *(.gnu.version)

.gnu.version_d
 *(.gnu.version_d)

.gnu.version_r
 *(.gnu.version_r)

.rel.init
 *(.rel.init)

.rela.init
 *(.rela.init)

.rel.text
 *(.rel.text)
 *(.rel.text.*)
 *(.rel.gnu.linkonce.t*)

.rela.text
 *(.rela.text)
 *(.rela.text.*)
 *(.rela.gnu.linkonce.t*)

.rel.fini
 *(.rel.fini)

.rela.fini
 *(.rela.fini)

.rel.rodata
 *(.rel.rodata)
 *(.rel.rodata.*)
 *(.rel.gnu.linkonce.r*)

.rela.rodata
 *(.rela.rodata)
 *(.rela.rodata.*)
 *(.rela.gnu.linkonce.r*)

.rel.data
 *(.rel.data)
 *(.rel.data.*)
 *(.rel.gnu.linkonce.d*)

.rela.data
 *(.rela.data)
 *(.rela.data.*)
 *(.rela.gnu.linkonce.d*)

.rel.ctors
 *(.rel.ctors)

.rela.ctors
 *(.rela.ctors)

.rel.dtors
 *(.rel.dtors)

.rela.dtors
 *(.rela.dtors)

.rel.got
 *(.rel.got)

.rela.got
 *(.rela.got)

.rel.bss
 *(.rel.bss)

.rela.bss
 *(.rela.bss)

.rel.plt
 *(.rel.plt)

.rela.plt
 *(.rela.plt)

.text           0x00000000     0x1eb0
 *(.vectors)
 .vectors       0x00000000       0x26 G:/Programm Files/atmel 7/7.0/Packs/atmel/ATmega_DFP/1.2.209/gcc/dev/atmega8/avr4/crtatmega8.o
                0x00000000                __vector_default
                0x00000000                __vectors
 *(.vectors)
 *(.progmem.gcc*)
 .progmem.gcc_sw_table
                0x00000026       0x2c C:\Users\7636~1\AppData\Local\Temp\ccbXYatT.ltrans0.ltrans.o
                0x00000052                . = ALIGN (0x2)
                0x00000052                __trampolines_start = .
 *(.trampolines)
 .trampolines   0x00000052        0x0 linker stubs
 *(.trampolines*)
                0x00000052                __trampolines_end = .
 *libprintf_flt.a:*(.progmem.data)
 *libc.a:*(.progmem.data)
 *(.progmem*)
 .progmem.data  0x00000052       0x18 C:\Users\7636~1\AppData\Local\Temp\ccbXYatT.ltrans2.ltrans.o
                0x0000006a                . = ALIGN (0x2)
 *(.jumptables)
 *(.jumptables*)
 *(.lowtext)
 *(.lowtext*)
                0x0000006a                __ctors_start = .
 *(.ctors)
 .ctors         0x0000006a        0x2 C:\Users\7636~1\AppData\Local\Temp\ccbXYatT.ltrans1.ltrans.o
                0x0000006c                __ctors_end = .
                0x0000006c                __dtors_start = .
 *(.dtors)
                0x0000006c                __dtors_end = .
 SORT(*)(.ctors)
 SORT(*)(.dtors)
 *(.init0)
 .init0         0x0000006c        0x0 G:/Programm Files/atmel 7/7.0/Packs/atmel/ATmega_DFP/1.2.209/gcc/dev/atmega8/avr4/crtatmega8.o
                0x0000006c                __init
 *(.init0)
 *(.init1)
 *(.init1)
 *(.init2)
 .init2         0x0000006c        0xc G:/Programm Files/atmel 7/7.0/Packs/atmel/ATmega_DFP/1.2.209/gcc/dev/atmega8/avr4/crtatmega8.o
 *(.init2)
 *(.init3)
 *(.init3)
 *(.init4)
 .init4         0x00000078       0x16 g:/programm files/atmel 7/7.0/toolchain/avr8/avr8-gnu-toolchain/bin/../lib/gcc/avr/5.4.0/avr4\libgcc.a(_copy_data.o)
                0x00000078                __do_copy_data
 .init4         0x0000008e       0x10 g:/programm files/atmel 7/7.0/toolchain/avr8/avr8-gnu-toolchain/bin/../lib/gcc/avr/5.4.0/avr4\libgcc.a(_clear_bss.o)
                0x0000008e                __do_clear_bss
 *(.init4)
 *(.init5)
 *(.init5)
 *(.init6)
 .init6         0x0000009e       0x14 g:/programm files/atmel 7/7.0/toolchain/avr8/avr8-gnu-toolchain/bin/../lib/gcc/avr/5.4.0/avr4\libgcc.a(_ctors.o)
                0x0000009e                __do_global_ctors
 *(.init6)
 *(.init7)
 *(.init7)
 *(.init8)
 *(.init8)
 *(.init9)
 .init9         0x000000b2        0x4 G:/Programm Files/atmel 7/7.0/Packs/atmel/ATmega_DFP/1.2.209/gcc/dev/atmega8/avr4/crtatmega8.o
 *(.init9)
 *(.text)
 .text          0x000000b6        0x2 G:/Programm Files/atmel 7/7.0/Packs/atmel/ATmega_DFP/1.2.209/gcc/dev/atmega8/avr4/crtatmega8.o
                0x000000b6                __vector_1
                0x000000b6                __bad_interrupt
                0x000000b6                __vector_6
                0x000000b6                __vector_3
                0x000000b6                __vector_13
                0x000000b6                __vector_17
                0x000000b6                __vector_7
                0x000000b6                __vector_5
                0x000000b6                __vector_4
                0x000000b6                __vector_2
                0x000000b6                __vector_15
                0x000000b6                __vector_8
                0x000000b6                __vector_14
                0x000000b6                __vector_10
                0x000000b6                __vector_16
                0x000000b6                __vector_18
 .text          0x000000b8      0x5ce C:\Users\7636~1\AppData\Local\Temp\ccbXYatT.ltrans1.ltrans.o
                0x000000b8                _Z7OWwritehh.constprop.21
                0x0000010e                _Z9decodeIntPKch.constprop.15
                0x0000013a                _Z6strrmvPch.constprop.14
                0x0000018e                _Z8intToBitIhEvT_Pch.constprop.5
                0x000001c4                _Z11flushSerialv
                0x000001e4                _Z11reportErrorPKc
                0x00000200                _Z10cmd_helperPch.constprop.6
                0x000002b6                _Z12cmd_helper_3PahPchjPh.constprop.2
                0x00000416                _Z12cmd_helper_2IhEbPT_Pchjh.constprop.0
                0x00000510                _Z15l_decode_helperPcRh
                0x0000059e                _Z7actuatehb
                0x00000602                _Z7actuateh
 .text          0x00000686      0x5b8 C:\Users\7636~1\AppData\Local\Temp\ccbXYatT.ltrans2.ltrans.o
                0x00000686                __vector_9
                0x000006b4                _Z8OWselectPKh
                0x000006dc                _ZN5pin_t5WriteEPKS_b
                0x000006fa                _Z9uart_putch
                0x0000071c                _Z11uart_puts_pPKc
                0x00000738                _Z9uart_putsPKc
                0x0000074e                _Z11uart_puts_EPKhh
                0x000007b0                _Z9uart_peekv
                0x000007e4                _Z9uart_getcv
                0x00000822                _Z10soft_resetv
                0x00000848                __vector_12
                0x00000892                __vector_11
                0x000008ea                _ZN5pin_t12SetDirectionEPKS_b.part.1.lto_priv.33
                0x000008fe                _Z10OWread_bitv
                0x0000096c                _Z11OWwrite_bith
                0x00000a00                _Z7OWresetv
                0x00000ac8                _Z11decodeFloatPKchh.part.0.lto_priv.22
                0x00000bc2                _Z9decodeIntPKchh
                0x00000bd8                _Z14readScratchPadPKhPh
                0x00000c34                _Z19requestTemperaturesv
                0x00000c3e                . = ALIGN (0x2)
 *(.text.*)
 .text.startup  0x00000c3e      0xc5c C:\Users\7636~1\AppData\Local\Temp\ccbXYatT.ltrans0.ltrans.o
                0x00000c3e                main
 .text.startup  0x0000189a       0xe0 C:\Users\7636~1\AppData\Local\Temp\ccbXYatT.ltrans1.ltrans.o
 .text.avr-libc
                0x0000197a       0x16 g:/programm files/atmel 7/7.0/toolchain/avr8/avr8-gnu-toolchain/bin/../lib/gcc/avr/5.4.0/../../../../avr/lib/avr4\libc.a(strnlen.o)
                0x0000197a                strnlen
 .text.avr-libc
                0x00001990       0x14 g:/programm files/atmel 7/7.0/toolchain/avr8/avr8-gnu-toolchain/bin/../lib/gcc/avr/5.4.0/../../../../avr/lib/avr4\libc.a(itoa_ncheck.o)
                0x00001990                __itoa_ncheck
 .text.avr-libc
                0x000019a4       0x32 g:/programm files/atmel 7/7.0/toolchain/avr8/avr8-gnu-toolchain/bin/../lib/gcc/avr/5.4.0/../../../../avr/lib/avr4\libc.a(utoa_ncheck.o)
                0x000019a4                __utoa_ncheck
                0x000019a6                __utoa_common
 .text.avr-libc
                0x000019d6       0x20 g:/programm files/atmel 7/7.0/toolchain/avr8/avr8-gnu-toolchain/bin/../lib/gcc/avr/5.4.0/../../../../avr/lib/avr4\libc.a(strrev.o)
                0x000019d6                strrev
 .text.avr-libc
                0x000019f6       0x20 G:/Programm Files/atmel 7/7.0/Packs/atmel/ATmega_DFP/1.2.209/gcc/dev/atmega8/avr4\libatmega8.a(eerd_block.o)
                0x000019f6                eeprom_read_block
                0x000019fa                eeprom_read_blraw
 .text.avr-libc
                0x00001a16       0x10 G:/Programm Files/atmel 7/7.0/Packs/atmel/ATmega_DFP/1.2.209/gcc/dev/atmega8/avr4\libatmega8.a(eerd_byte.o)
                0x00001a16                eeprom_read_byte
 .text.avr-libc
                0x00001a26       0x1e G:/Programm Files/atmel 7/7.0/Packs/atmel/ATmega_DFP/1.2.209/gcc/dev/atmega8/avr4\libatmega8.a(eeupd_block.o)
                0x00001a26                eeprom_update_block
 .text.avr-libc
                0x00001a44       0x22 G:/Programm Files/atmel 7/7.0/Packs/atmel/ATmega_DFP/1.2.209/gcc/dev/atmega8/avr4\libatmega8.a(eeupd_byte.o)
                0x00001a44                eeprom_update_byte
                0x00001a46                eeprom_update_r18
 .text.avr-libc
                0x00001a66       0x1a G:/Programm Files/atmel 7/7.0/Packs/atmel/ATmega_DFP/1.2.209/gcc/dev/atmega8/avr4\libatmega8.a(eewr_byte.o)
                0x00001a66                eeprom_write_byte
                0x00001a68                eeprom_write_r18
 .text.avr-libc.fplib
                0x00001a80        0xa g:/programm files/atmel 7/7.0/toolchain/avr8/avr8-gnu-toolchain/bin/../lib/gcc/avr/5.4.0/../../../../avr/lib/avr4\libm.a(addsf3.o)
                0x00001a80                __subsf3
                0x00001a82                __addsf3
 .text.avr-libc.fplib
                0x00001a8a       0xc0 g:/programm files/atmel 7/7.0/toolchain/avr8/avr8-gnu-toolchain/bin/../lib/gcc/avr/5.4.0/../../../../avr/lib/avr4\libm.a(addsf3x.o)
                0x00001aa4                __addsf3x
 .text.avr-libc.fplib
                0x00001b4a        0xa g:/programm files/atmel 7/7.0/toolchain/avr8/avr8-gnu-toolchain/bin/../lib/gcc/avr/5.4.0/../../../../avr/lib/avr4\libm.a(fixsfsi.o)
                0x00001b4a                __fixsfsi
 .text.avr-libc.fplib
                0x00001b54       0x58 g:/programm files/atmel 7/7.0/toolchain/avr8/avr8-gnu-toolchain/bin/../lib/gcc/avr/5.4.0/../../../../avr/lib/avr4\libm.a(fixunssfsi.o)
                0x00001b54                __fixunssfsi
 .text.avr-libc.fplib
                0x00001bac       0x7a g:/programm files/atmel 7/7.0/toolchain/avr8/avr8-gnu-toolchain/bin/../lib/gcc/avr/5.4.0/../../../../avr/lib/avr4\libm.a(floatsisf.o)
                0x00001bac                __floatunsisf
                0x00001bb0                __floatsisf
 .text.avr-libc.fplib
                0x00001c26        0xc g:/programm files/atmel 7/7.0/toolchain/avr8/avr8-gnu-toolchain/bin/../lib/gcc/avr/5.4.0/../../../../avr/lib/avr4\libm.a(fp_inf.o)
                0x00001c26                __fp_inf
 .text.avr-libc.fplib
                0x00001c32        0x6 g:/programm files/atmel 7/7.0/toolchain/avr8/avr8-gnu-toolchain/bin/../lib/gcc/avr/5.4.0/../../../../avr/lib/avr4\libm.a(fp_nan.o)
                0x00001c32                __fp_nan
 .text.avr-libc.fplib
                0x00001c38        0xe g:/programm files/atmel 7/7.0/toolchain/avr8/avr8-gnu-toolchain/bin/../lib/gcc/avr/5.4.0/../../../../avr/lib/avr4\libm.a(fp_pscA.o)
                0x00001c38                __fp_pscA
 .text.avr-libc.fplib
                0x00001c46        0xe g:/programm files/atmel 7/7.0/toolchain/avr8/avr8-gnu-toolchain/bin/../lib/gcc/avr/5.4.0/../../../../avr/lib/avr4\libm.a(fp_pscB.o)
                0x00001c46                __fp_pscB
 .text.avr-libc.fplib
                0x00001c54       0x22 g:/programm files/atmel 7/7.0/toolchain/avr8/avr8-gnu-toolchain/bin/../lib/gcc/avr/5.4.0/../../../../avr/lib/avr4\libm.a(fp_round.o)
                0x00001c54                __fp_round
 .text.avr-libc.fplib
                0x00001c76       0x44 g:/programm files/atmel 7/7.0/toolchain/avr8/avr8-gnu-toolchain/bin/../lib/gcc/avr/5.4.0/../../../../avr/lib/avr4\libm.a(fp_split3.o)
                0x00001c76                __fp_split3
                0x00001c86                __fp_splitA
 .text.avr-libc.fplib
                0x00001cba        0xe g:/programm files/atmel 7/7.0/toolchain/avr8/avr8-gnu-toolchain/bin/../lib/gcc/avr/5.4.0/../../../../avr/lib/avr4\libm.a(fp_zero.o)
                0x00001cba                __fp_zero
                0x00001cbc                __fp_szero
 .text.avr-libc.fplib
                0x00001cc8        0x4 g:/programm files/atmel 7/7.0/toolchain/avr8/avr8-gnu-toolchain/bin/../lib/gcc/avr/5.4.0/../../../../avr/lib/avr4\libm.a(mulsf3.o)
                0x00001cc8                __mulsf3
 .text.avr-libc.fplib
                0x00001ccc       0xc2 g:/programm files/atmel 7/7.0/toolchain/avr8/avr8-gnu-toolchain/bin/../lib/gcc/avr/5.4.0/../../../../avr/lib/avr4\libm.a(mulsf3x.o)
                0x00001ce0                __mulsf3x
                0x00001ce4                __mulsf3_pse
 .text.libgcc.div
                0x00001d8e       0x18 g:/programm files/atmel 7/7.0/toolchain/avr8/avr8-gnu-toolchain/bin/../lib/gcc/avr/5.4.0/avr4\libgcc.a(_udivmodqi4.o)
                0x00001d8e                __udivmodqi4
 .text.libgcc.div
                0x00001da6       0x26 g:/programm files/atmel 7/7.0/toolchain/avr8/avr8-gnu-toolchain/bin/../lib/gcc/avr/5.4.0/avr4\libgcc.a(_divmodhi4.o)
                0x00001da6                _div
                0x00001da6                __divmodhi4
 .text.libgcc.div
                0x00001dcc       0x28 g:/programm files/atmel 7/7.0/toolchain/avr8/avr8-gnu-toolchain/bin/../lib/gcc/avr/5.4.0/avr4\libgcc.a(_udivmodhi4.o)
                0x00001dcc                __udivmodhi4
 .text.libgcc   0x00001df4        0xc g:/programm files/atmel 7/7.0/toolchain/avr8/avr8-gnu-toolchain/bin/../lib/gcc/avr/5.4.0/avr4\libgcc.a(_tablejump2.o)
                0x00001df4                __tablejump2__
                0x00001e00                . = ALIGN (0x2)
 *(.fini9)
 .fini9         0x00001e00        0x0 g:/programm files/atmel 7/7.0/toolchain/avr8/avr8-gnu-toolchain/bin/../lib/gcc/avr/5.4.0/avr4\libgcc.a(_exit.o)
                0x00001e00                _exit
                0x00001e00                exit
 *(.fini9)
 *(.fini8)
 *(.fini8)
 *(.fini7)
 *(.fini7)
 *(.fini6)
 *(.fini6)
 *(.fini5)
 *(.fini5)
 *(.fini4)
 *(.fini4)
 *(.fini3)
 .fini3         0x00001e00       0x4a C:\Users\7636~1\AppData\Local\Temp\ccbXYatT.ltrans0.ltrans.o
 .fini3         0x00001e4a       0x52 C:\Users\7636~1\AppData\Local\Temp\ccbXYatT.ltrans1.ltrans.o
                0x00001e4a                _ZZ16arg_check_helperjE3__c.lto_priv.31
                0x00001e5b                _ZZ18check_index_helperahbE3__c.lto_priv.29
 *(.fini3)
 *(.fini2)
 .fini2         0x00001e9c       0x10 C:\Users\7636~1\AppData\Local\Temp\ccbXYatT.ltrans0.ltrans.o
 *(.fini2)
 *(.fini1)
 *(.fini1)
 *(.fini0)
 .fini0         0x00001eac        0x4 g:/programm files/atmel 7/7.0/toolchain/avr8/avr8-gnu-toolchain/bin/../lib/gcc/avr/5.4.0/avr4\libgcc.a(_exit.o)
 *(.fini0)
                0x00001eb0                _etext = .

.data           0x00800060       0x6e load address 0x00001eb0
                0x00800060                PROVIDE (__data_start, .)
 *(.data)
 .data          0x00800060       0x10 C:\Users\7636~1\AppData\Local\Temp\ccbXYatT.ltrans1.ltrans.o
 *(.data*)
 *(.gnu.linkonce.d*)
 *(.rodata)
 .rodata        0x00800070       0x23 C:\Users\7636~1\AppData\Local\Temp\ccbXYatT.ltrans0.ltrans.o
 .rodata        0x00800093        0x3 C:\Users\7636~1\AppData\Local\Temp\ccbXYatT.ltrans1.ltrans.o
                0x00800093                _ZL9line_feed.lto_priv.26
 *(.rodata*)
 .rodata.str1.1
                0x00800096       0x34 C:\Users\7636~1\AppData\Local\Temp\ccbXYatT.ltrans0.ltrans.o
                                 0x3a (size before relaxing)
 .rodata.str1.1
                0x008000ca        0x3 C:\Users\7636~1\AppData\Local\Temp\ccbXYatT.ltrans1.ltrans.o
 *(.gnu.linkonce.r*)
                0x008000ce                . = ALIGN (0x2)
 *fill*         0x008000cd        0x1 
                0x008000ce                _edata = .
                0x008000ce                PROVIDE (__data_end, .)

.bss            0x008000ce      0x125
                0x008000ce                PROVIDE (__bss_start, .)
 *(.bss)
 .bss           0x008000ce       0x71 C:\Users\7636~1\AppData\Local\Temp\ccbXYatT.ltrans0.ltrans.o
                0x008000ce                _ZL11UART_RxTail.lto_priv.38
                0x008000cf                _ZL11UART_RxHead.lto_priv.37
                0x008000d0                _ZL11UART_TxTail.lto_priv.35
                0x008000d1                _ZL11UART_TxHead.lto_priv.34
                0x008000d2                _ZL8time_cnt.lto_priv.36
 .bss           0x0080013f       0x53 C:\Users\7636~1\AppData\Local\Temp\ccbXYatT.ltrans1.ltrans.o
                0x0080013f                _ZL18output_compare_buf.lto_priv.28
                0x00800140                _ZL14output_inv_buf.lto_priv.27
                0x00800141                _ZL6ow_pin.lto_priv.24
                0x00800147                _ZL11output_pins.lto_priv.23
                0x00800165                _ZL10input_pins.lto_priv.30
                0x0080018f                _ZL12pc_reset_buf.lto_priv.25
                0x00800190                _ZL5OWpin.lto_priv.32
 .bss           0x00800192       0x61 C:\Users\7636~1\AppData\Local\Temp\ccbXYatT.ltrans2.ltrans.o
 *(.bss*)
 *(COMMON)
                0x008001f3                PROVIDE (__bss_end, .)
                0x00001eb0                __data_load_start = LOADADDR (.data)
                0x00001f1e                __data_load_end = (__data_load_start + SIZEOF (.data))

.noinit         0x008001f3        0x0
                [!provide]                PROVIDE (__noinit_start, .)
 *(.noinit*)
                [!provide]                PROVIDE (__noinit_end, .)
                0x008001f3                _end = .
                0x008001f3                PROVIDE (__heap_start, .)

.eeprom         0x00810000      0x1d8
 *(.eeprom*)
 .eeprom        0x00810000      0x107 C:\Users\7636~1\AppData\Local\Temp\ccbXYatT.ltrans0.ltrans.o
 .eeprom        0x00810107       0xd1 C:\Users\7636~1\AppData\Local\Temp\ccbXYatT.ltrans1.ltrans.o
                0x00810107                txt_ds8
                0x008101d7                pc_reset_mapping
                0x008101d8                __eeprom_end = .

.fuse
 *(.fuse)
 *(.lfuse)
 *(.hfuse)
 *(.efuse)

.lock
 *(.lock*)

.signature
 *(.signature*)

.user_signatures
 *(.user_signatures*)

.stab
 *(.stab)

.stabstr
 *(.stabstr)

.stab.excl
 *(.stab.excl)

.stab.exclstr
 *(.stab.exclstr)

.stab.index
 *(.stab.index)

.stab.indexstr
 *(.stab.indexstr)

.comment        0x00000000       0x30
 *(.comment)
 .comment       0x00000000       0x30 C:\Users\7636~1\AppData\Local\Temp\ccbXYatT.ltrans0.ltrans.o
                                 0x31 (size before relaxing)
 .comment       0x00000030       0x31 C:\Users\7636~1\AppData\Local\Temp\ccbXYatT.ltrans1.ltrans.o
 .comment       0x00000030       0x31 C:\Users\7636~1\AppData\Local\Temp\ccbXYatT.ltrans2.ltrans.o

.note.gnu.avr.deviceinfo
                0x00000000       0x3c
 .note.gnu.avr.deviceinfo
                0x00000000       0x3c G:/Programm Files/atmel 7/7.0/Packs/atmel/ATmega_DFP/1.2.209/gcc/dev/atmega8/avr4/crtatmega8.o

.note.gnu.build-id
 *(.note.gnu.build-id)

.debug
 *(.debug)

.line
 *(.line)

.debug_srcinfo
 *(.debug_srcinfo)

.debug_sfnames
 *(.debug_sfnames)

.debug_aranges  0x00000000      0x108
 *(.debug_aranges)
 .debug_aranges
                0x00000000       0x20 C:\Users\7636~1\AppData\Local\Temp\ccbXYatT.ltrans0.ltrans.o
 .debug_aranges
                0x00000020       0x28 C:\Users\7636~1\AppData\Local\Temp\ccbXYatT.ltrans1.ltrans.o
 .debug_aranges
                0x00000048       0x20 C:\Users\7636~1\AppData\Local\Temp\ccbXYatT.ltrans2.ltrans.o
 .debug_aranges
                0x00000068       0x20 G:/Programm Files/atmel 7/7.0/Packs/atmel/ATmega_DFP/1.2.209/gcc/dev/atmega8/avr4\libatmega8.a(eerd_block.o)
 .debug_aranges
                0x00000088       0x20 G:/Programm Files/atmel 7/7.0/Packs/atmel/ATmega_DFP/1.2.209/gcc/dev/atmega8/avr4\libatmega8.a(eerd_byte.o)
 .debug_aranges
                0x000000a8       0x20 G:/Programm Files/atmel 7/7.0/Packs/atmel/ATmega_DFP/1.2.209/gcc/dev/atmega8/avr4\libatmega8.a(eeupd_block.o)
 .debug_aranges
                0x000000c8       0x20 G:/Programm Files/atmel 7/7.0/Packs/atmel/ATmega_DFP/1.2.209/gcc/dev/atmega8/avr4\libatmega8.a(eeupd_byte.o)
 .debug_aranges
                0x000000e8       0x20 G:/Programm Files/atmel 7/7.0/Packs/atmel/ATmega_DFP/1.2.209/gcc/dev/atmega8/avr4\libatmega8.a(eewr_byte.o)

.debug_pubnames
 *(.debug_pubnames)

.debug_info     0x00000000     0x3713
 *(.debug_info .gnu.linkonce.wi.*)
 .debug_info    0x00000000      0x48c G:/Programm Files/atmel 7/7.0/Packs/atmel/ATmega_DFP/1.2.209/gcc/dev/atmega8/avr4/crtatmega8.o
 .debug_info    0x0000048c     0x1415 C:\Users\7636~1\AppData\Local\Temp\ccbXYatT.ltrans0.ltrans.o
 .debug_info    0x000018a1     0x100d C:\Users\7636~1\AppData\Local\Temp\ccbXYatT.ltrans1.ltrans.o
 .debug_info    0x000028ae      0xb14 C:\Users\7636~1\AppData\Local\Temp\ccbXYatT.ltrans2.ltrans.o
 .debug_info    0x000033c2       0xaa G:/Programm Files/atmel 7/7.0/Packs/atmel/ATmega_DFP/1.2.209/gcc/dev/atmega8/avr4\libatmega8.a(eerd_block.o)
 .debug_info    0x0000346c       0xa9 G:/Programm Files/atmel 7/7.0/Packs/atmel/ATmega_DFP/1.2.209/gcc/dev/atmega8/avr4\libatmega8.a(eerd_byte.o)
 .debug_info    0x00003515       0xab G:/Programm Files/atmel 7/7.0/Packs/atmel/ATmega_DFP/1.2.209/gcc/dev/atmega8/avr4\libatmega8.a(eeupd_block.o)
 .debug_info    0x000035c0       0xaa G:/Programm Files/atmel 7/7.0/Packs/atmel/ATmega_DFP/1.2.209/gcc/dev/atmega8/avr4\libatmega8.a(eeupd_byte.o)
 .debug_info    0x0000366a       0xa9 G:/Programm Files/atmel 7/7.0/Packs/atmel/ATmega_DFP/1.2.209/gcc/dev/atmega8/avr4\libatmega8.a(eewr_byte.o)

.debug_abbrev   0x00000000      0xf54
 *(.debug_abbrev)
 .debug_abbrev  0x00000000      0x44e G:/Programm Files/atmel 7/7.0/Packs/atmel/ATmega_DFP/1.2.209/gcc/dev/atmega8/avr4/crtatmega8.o
 .debug_abbrev  0x0000044e      0x317 C:\Users\7636~1\AppData\Local\Temp\ccbXYatT.ltrans0.ltrans.o
 .debug_abbrev  0x00000765      0x359 C:\Users\7636~1\AppData\Local\Temp\ccbXYatT.ltrans1.ltrans.o
 .debug_abbrev  0x00000abe      0x432 C:\Users\7636~1\AppData\Local\Temp\ccbXYatT.ltrans2.ltrans.o
 .debug_abbrev  0x00000ef0       0x14 G:/Programm Files/atmel 7/7.0/Packs/atmel/ATmega_DFP/1.2.209/gcc/dev/atmega8/avr4\libatmega8.a(eerd_block.o)
 .debug_abbrev  0x00000f04       0x14 G:/Programm Files/atmel 7/7.0/Packs/atmel/ATmega_DFP/1.2.209/gcc/dev/atmega8/avr4\libatmega8.a(eerd_byte.o)
 .debug_abbrev  0x00000f18       0x14 G:/Programm Files/atmel 7/7.0/Packs/atmel/ATmega_DFP/1.2.209/gcc/dev/atmega8/avr4\libatmega8.a(eeupd_block.o)
 .debug_abbrev  0x00000f2c       0x14 G:/Programm Files/atmel 7/7.0/Packs/atmel/ATmega_DFP/1.2.209/gcc/dev/atmega8/avr4\libatmega8.a(eeupd_byte.o)
 .debug_abbrev  0x00000f40       0x14 G:/Programm Files/atmel 7/7.0/Packs/atmel/ATmega_DFP/1.2.209/gcc/dev/atmega8/avr4\libatmega8.a(eewr_byte.o)

.debug_line     0x00000000     0x1af3
 *(.debug_line .debug_line.* .debug_line_end)
 .debug_line    0x00000000      0x109 G:/Programm Files/atmel 7/7.0/Packs/atmel/ATmega_DFP/1.2.209/gcc/dev/atmega8/avr4/crtatmega8.o
 .debug_line    0x00000109      0xb13 C:\Users\7636~1\AppData\Local\Temp\ccbXYatT.ltrans0.ltrans.o
 .debug_line    0x00000c1c      0x5be C:\Users\7636~1\AppData\Local\Temp\ccbXYatT.ltrans1.ltrans.o
 .debug_line    0x000011da      0x607 C:\Users\7636~1\AppData\Local\Temp\ccbXYatT.ltrans2.ltrans.o
 .debug_line    0x000017e1       0xab G:/Programm Files/atmel 7/7.0/Packs/atmel/ATmega_DFP/1.2.209/gcc/dev/atmega8/avr4\libatmega8.a(eerd_block.o)
 .debug_line    0x0000188c       0x7a G:/Programm Files/atmel 7/7.0/Packs/atmel/ATmega_DFP/1.2.209/gcc/dev/atmega8/avr4\libatmega8.a(eerd_byte.o)
 .debug_line    0x00001906       0xa5 G:/Programm Files/atmel 7/7.0/Packs/atmel/ATmega_DFP/1.2.209/gcc/dev/atmega8/avr4\libatmega8.a(eeupd_block.o)
 .debug_line    0x000019ab       0xb0 G:/Programm Files/atmel 7/7.0/Packs/atmel/ATmega_DFP/1.2.209/gcc/dev/atmega8/avr4\libatmega8.a(eeupd_byte.o)
 .debug_line    0x00001a5b       0x98 G:/Programm Files/atmel 7/7.0/Packs/atmel/ATmega_DFP/1.2.209/gcc/dev/atmega8/avr4\libatmega8.a(eewr_byte.o)

.debug_frame    0x00000000      0x488
 *(.debug_frame)
 .debug_frame   0x00000000       0x34 C:\Users\7636~1\AppData\Local\Temp\ccbXYatT.ltrans0.ltrans.o
 .debug_frame   0x00000034      0x1e8 C:\Users\7636~1\AppData\Local\Temp\ccbXYatT.ltrans1.ltrans.o
 .debug_frame   0x0000021c      0x26c C:\Users\7636~1\AppData\Local\Temp\ccbXYatT.ltrans2.ltrans.o

.debug_str      0x00000000      0xf32
 *(.debug_str)
 .debug_str     0x00000000      0x17a G:/Programm Files/atmel 7/7.0/Packs/atmel/ATmega_DFP/1.2.209/gcc/dev/atmega8/avr4/crtatmega8.o
 .debug_str     0x0000017a      0x631 C:\Users\7636~1\AppData\Local\Temp\ccbXYatT.ltrans0.ltrans.o
                                0x680 (size before relaxing)
 .debug_str     0x000007ab      0x451 C:\Users\7636~1\AppData\Local\Temp\ccbXYatT.ltrans1.ltrans.o
                                0x678 (size before relaxing)
 .debug_str     0x00000bfc      0x336 C:\Users\7636~1\AppData\Local\Temp\ccbXYatT.ltrans2.ltrans.o
                                0x54d (size before relaxing)

.debug_loc      0x00000000      0x710
 *(.debug_loc)
 .debug_loc     0x00000000       0x47 C:\Users\7636~1\AppData\Local\Temp\ccbXYatT.ltrans0.ltrans.o
 .debug_loc     0x00000047      0x34f C:\Users\7636~1\AppData\Local\Temp\ccbXYatT.ltrans1.ltrans.o
 .debug_loc     0x00000396      0x37a C:\Users\7636~1\AppData\Local\Temp\ccbXYatT.ltrans2.ltrans.o

.debug_macinfo
 *(.debug_macinfo)

.debug_weaknames
 *(.debug_weaknames)

.debug_funcnames
 *(.debug_funcnames)

.debug_typenames
 *(.debug_typenames)

.debug_varnames
 *(.debug_varnames)

.debug_pubtypes
 *(.debug_pubtypes)

.debug_ranges   0x00000000      0x320
 *(.debug_ranges)
 .debug_ranges  0x00000000      0x278 C:\Users\7636~1\AppData\Local\Temp\ccbXYatT.ltrans0.ltrans.o
 .debug_ranges  0x00000278       0x78 C:\Users\7636~1\AppData\Local\Temp\ccbXYatT.ltrans1.ltrans.o
 .debug_ranges  0x000002f0       0x30 C:\Users\7636~1\AppData\Local\Temp\ccbXYatT.ltrans2.ltrans.o

.debug_macro
 *(.debug_macro)
OUTPUT(SwitchController.elf elf32-avr)
LOAD linker stubs
